// Jest Snapshot v1, https://goo.gl/fbAQLP

exports[`renders correctly 1`] = `
<div
  className="modal-background smooth-appear full-page-background"
  onClick={[Function]}
>
  <div
    className="modal-popup"
  >
    <p
      className="lose"
    >
      You lost !
    </p>
  </div>
</div>
`;
